# session opened 21:42:39
21:42:39.562 TX      M0LTE>GB7RDG XID  P/F=1 cmd
21:42:41.532 RX      GB7RDG>M0LTE XID  P/F=1 rsp
21:42:41.604 TX      M0LTE>GB7RDG SABM P/F=1 cmd
21:42:42.954 RX      GB7RDG>M0LTE UA   P/F=1 rsp
21:42:43.252 RX      GB7RDG>M0LTE I   N(s)=0 N(r)=0 P=1 cmd info=79
21:42:43.293 TX      M0LTE>GB7RDG RR   N(r)=1 F/P=1 rsp
21:43:04.987 TX      M0LTE>GB7RDG I   N(s)=0 N(r)=1 P=0 cmd info=2
21:43:06.346 RX      GB7RDG>M0LTE I   N(s)=1 N(r)=1 P=1 cmd info=63
21:43:06.354 TX      M0LTE>GB7RDG RR   N(r)=2 F/P=1 rsp
21:43:57.663 RX      GB7RDG>GB7WOD RR   N(r)=3 F/P=1 rsp
21:45:06.358 TX      M0LTE>GB7RDG RR   N(r)=2 F/P=1 cmd
21:45:07.876 RX      GB7RDG>M0LTE RR   N(r)=1 F/P=1 rsp
21:46:43.603 RX      GB7RDG>GB7WOD RR   N(r)=3 F/P=1 rsp
21:47:07.885 TX      M0LTE>GB7RDG RR   N(r)=2 F/P=1 cmd
21:47:08.000 RX      GB7RDG>M0LTE RR   N(r)=1 F/P=1 rsp
21:47:54.973 TX      M0LTE>GB7RDG I   N(s)=1 N(r)=2 P=0 cmd info=2
21:47:54.976 TX      M0LTE>GB7RDG DISC P/F=1 cmd
21:47:56.884 RX      GB7RDG>M0LTE UA   P/F=1 rsp
# session closed. counts: RX:I=2, RX:RR=4, RX:UA=2, RX:XID=1, TX:DISC=1, TX:I=2, TX:RR=4, TX:SABM=1, TX:XID=1
