# session opened 21:48:31
21:48:32.270 TX      M0LTE>GB7RDG XID  P/F=1 cmd
21:48:33.601 RX      GB7RDG>M0LTE XID  P/F=1 rsp
21:48:33.667 TX      M0LTE>GB7RDG SABM P/F=1 cmd
21:48:34.606 RX      GB7RDG>M0LTE UA   P/F=1 rsp
21:48:34.892 RX      GB7RDG>M0LTE I   N(s)=0 N(r)=0 P=1 cmd info=79
21:48:34.916 TX      M0LTE>GB7RDG RR   N(r)=1 F/P=1 rsp
21:48:43.709 TX      M0LTE>GB7RDG I   N(s)=0 N(r)=1 P=0 cmd info=2
21:48:45.104 RX      GB7RDG>M0LTE I   N(s)=1 N(r)=1 P=1 cmd info=63
21:48:45.117 TX      M0LTE>GB7RDG RR   N(r)=2 F/P=1 rsp
21:48:57.694 TX DROP M0LTE>GB7RDG I   N(s)=1 N(r)=2 P=0 cmd info=2
21:49:03.702 TX      M0LTE>GB7RDG RR   N(r)=2 F/P=1 cmd
21:49:05.206 RX      GB7RDG>M0LTE RR   N(r)=1 F/P=1 rsp
21:49:05.212 TX      M0LTE>GB7RDG I   N(s)=1 N(r)=2 P=0 cmd info=2
21:49:06.996 RX      GB7RDG>M0LTE I   N(s)=2 N(r)=2 P=0 cmd info=150
21:49:07.386 RX      GB7RDG>M0LTE I   N(s)=3 N(r)=2 P=0 cmd info=150
21:49:07.505 RX      GB7RDG>M0LTE I   N(s)=4 N(r)=2 P=1 cmd info=5
21:49:07.506 TX      M0LTE>GB7RDG RR   N(r)=5 F/P=1 rsp
21:49:30.488 RX      GB7RDG>GB7WOD RR   N(r)=3 F/P=1 rsp
21:52:11.918 RX      GB7RDG>GB7WOD RR   N(r)=3 F/P=1 rsp
21:53:40.254 RX      GB7RDG>M0LTE RR   N(r)=2 F/P=1 cmd
21:53:40.263 TX      M0LTE>GB7RDG RR   N(r)=5 F/P=1 rsp
21:53:57.701 TX      M0LTE>GB7RDG DISC P/F=1 cmd
21:53:58.935 RX      GB7RDG>M0LTE UA   P/F=1 rsp
# session closed. counts: RX:I=5, RX:RR=4, RX:UA=2, RX:XID=1, TX:DISC=1, TX:DROPPED=1, TX:I=3, TX:RR=5, TX:SABM=1, TX:XID=1
